
> portal-app@0.1.0 build
> next build

▲ Next.js 16.2.6 (Turbopack)

  Creating an optimized production build ...
Error: Can't resolve 'tailwindcss-animate' in '/home/umer/Desktop/Custom Content Management System (CMS)/src/app'
    [2m[at finishWithoutResolve (/home/umer/Desktop/Custom Content Management System (CMS)/node_modules/enhanced-resolve/lib/Resolver.js:942:18)][0m
    [2m[at /home/umer/Desktop/Custom Content Management System (CMS)/node_modules/enhanced-resolve/lib/Resolver.js:1034:14)][0m
    [2m[at /home/umer/Desktop/Custom Content Management System (CMS)/node_modules/enhanced-resolve/lib/Resolver.js:1111:5)][0m
    [2m[at eval (eval at create (/home/umer/Desktop/Custom Content Management System (CMS)/node_modules/tapable/lib/HookCodeFactory.js:31:10), <anonymous>:15:1)][0m
    [2m[at /home/umer/Desktop/Custom Content Management System (CMS)/node_modules/enhanced-resolve/lib/Resolver.js:1111:5)][0m
    [2m[at eval (eval at create (/home/umer/Desktop/Custom Content Management System (CMS)/node_modules/tapable/lib/HookCodeFactory.js:31:10), <anonymous>:27:1)][0m
    [2m[at /home/umer/Desktop/Custom Content Management System (CMS)/node_modules/enhanced-resolve/lib/DescriptionFilePlugin.js:94:43)][0m
    [2m[at /home/umer/Desktop/Custom Content Management System (CMS)/node_modules/enhanced-resolve/lib/Resolver.js:1111:5)][0m
    [2m[at eval (eval at create (/home/umer/Desktop/Custom Content Management System (CMS)/node_modules/tapable/lib/HookCodeFactory.js:31:10), <anonymous>:15:1)][0m
    [2m[at /home/umer/Desktop/Custom Content Management System (CMS)/node_modules/enhanced-resolve/lib/Resolver.js:1111:5)][0m {
  details: "resolve 'tailwindcss-animate' in '/home/umer/Desktop/Custom Content Management System (CMS)/src/app'\n" +
    '  Parsed request is a module\n' +
    '  using description file: /home/umer/Desktop/Custom Content Management System (CMS)/package.json (relative path: ./src/app)\n' +
    '    resolve as module\n' +
    "      /home/umer/Desktop/Custom Content Management System (CMS)/src/app/node_modules doesn't exist or is not a directory\n" +
    "      /home/umer/Desktop/Custom Content Management System (CMS)/src/node_modules doesn't exist or is not a directory\n" +
    '      looking for modules in /home/umer/Desktop/Custom Content Management System (CMS)/node_modules\n' +
    '        single file module\n' +
    '          using description file: /home/umer/Desktop/Custom Content Management System (CMS)/package.json (relative path: ./node_modules/tailwindcss-animate)\n' +
    '            no extension\n' +
    "              /home/umer/Desktop/Custom Content Management System (CMS)/node_modules/tailwindcss-animate doesn't exist\n" +
    '            .js\n' +
    "              /home/umer/Desktop/Custom Content Management System (CMS)/node_modules/tailwindcss-animate.js doesn't exist\n" +
    '            .json\n' +
    "              /home/umer/Desktop/Custom Content Management System (CMS)/node_modules/tailwindcss-animate.json doesn't exist\n" +
    '            .node\n' +
    "              /home/umer/Desktop/Custom Content Management System (CMS)/node_modules/tailwindcss-animate.node doesn't exist\n" +
    '            .ts\n' +
    "              /home/umer/Desktop/Custom Content Management System (CMS)/node_modules/tailwindcss-animate.ts doesn't exist\n" +
    "        /home/umer/Desktop/Custom Content Management System (CMS)/node_modules/tailwindcss-animate doesn't exist\n" +
    "      /home/umer/Desktop/node_modules doesn't exist or is not a directory\n" +
    "      /home/umer/node_modules doesn't exist or is not a directory\n" +
    "      /home/node_modules doesn't exist or is not a directory\n" +
    "      /node_modules doesn't exist or is not a directory"
}

> Build error occurred
Error: Turbopack build failed with 1 errors:
./src/app/globals.css
Error evaluating Node.js code
CssSyntaxError: tailwindcss: /home/umer/Desktop/Custom Content Management System (CMS)/src/app/globals.css:1:1: Can't resolve 'tailwindcss-animate' in '/home/umer/Desktop/Custom Content Management System (CMS)/src/app'
    at Input.error (node_modules/postcss/lib/input.js:135:16) [/home/umer/Desktop/Custom Content Management System (CMS)/.next/build/chunks/node_modules_13sb.px._.js:4692:22]
    at error (node_modules/postcss/lib/node.js:146:32) [/home/umer/Desktop/Custom Content Management System (CMS)/.next/build/chunks/node_modules_13sb.px._.js:954:38]
    [at Object.Once (/home/umer/Desktop/Custom Content Management System (CMS)/node_modules/@tailwindcss/postcss/dist/index.js:10:6917)]
    at async LazyResult.runAsync (node_modules/postcss/lib/lazy-result.js:293:11) [/home/umer/Desktop/Custom Content Management System (CMS)/.next/build/chunks/node_modules_13sb.px._.js:6255:21]
    at async transform (turbopack:///[turbopack-node]/transforms/postcss.ts:70:34) [/home/umer/Desktop/Custom Content Management System (CMS)/.next/build/chunks/[root-of-the-server]__0d-m0h0._.js:146:36]
    at async run (turbopack:///[turbopack-node]/child_process/evaluate.ts:89:23) [/home/umer/Desktop/Custom Content Management System (CMS)/.next/build/chunks/[root-of-the-server]__0ubbtyl._.js:443:31]

Import trace:
  Client Component Browser:
    ./src/app/globals.css [Client Component Browser]
    ./src/app/layout.tsx [Server Component]


    at async transform (turbopack:///[turbopack-node]/transforms/postcss.ts:70:34) [/home/umer/Desktop/Custom Content Management System (CMS)/.next/build/chunks/[root-of-the-server]__0d-m0h0._.js:146:36])
    at async run (turbopack:///[turbopack-node]/child_process/evaluate.ts:89:23) [/home/umer/Desktop/Custom Content Management System (CMS)/.next/build/chunks/[root-of-the-server]__0ubbtyl._.js:443:31])
